// Jest Snapshot v1, https://goo.gl/fbAQLP

exports[`expose correct api 1`] = `
Array [
  "Atom",
  "EMPTY_ARRAY",
  "EMPTY_OBJECT",
  "MobxState",
  "Reaction",
  "areBothNaN",
  "autorun",
  "cell",
  "computed",
  "createAction",
  "createInstanceofPredicate",
  "defaultComparer",
  "fail",
  "getDependencyTree",
  "getObserverTree",
  "hasOwnProperty",
  "identity",
  "identityComparer",
  "invariant",
  "isAtom",
  "isComputedValue",
  "isComputingDerivation",
  "isObject",
  "isObservableValue",
  "isPlainObject",
  "joinStrings",
  "noop",
  "onReactionError",
  "once",
  "primitiveSymbol",
  "reaction",
  "runInAction",
  "toPrimitive",
  "transaction",
  "unique",
  "untracked",
  "useStrict",
  "when",
]
`;
